// Jest Snapshot v1, https://goo.gl/fbAQLP

exports[`Categories component Categories snapshot 1`] = `
Object {
  "asFragment": [Function],
  "baseElement": <body>
    <div>
      <div
        class="wrapper"
        role="text"
      >
        <div
          class="text"
        >
          <div>
            <p>
              Уход за телом
            </p>
          </div>
        </div>
        <div
          class="text"
        >
          <div>
            <p>
              Уход за руками
            </p>
          </div>
        </div>
        <div
          class="text"
        >
          <div>
            <p>
              Уход за ногами
            </p>
          </div>
        </div>
        <div
          class="text"
        >
          <div>
            <p>
              Уход за лицом
            </p>
          </div>
        </div>
        <div
          class="text"
        >
          <div>
            <p>
              Уход за волосами
            </p>
          </div>
        </div>
        <div
          class="text"
        >
          <div>
            <p>
              Средства для загара
            </p>
          </div>
        </div>
        <div
          class="text"
        >
          <div>
            <p>
              Средства для бритья
            </p>
          </div>
        </div>
        <div
          class="text"
        >
          <div>
            <p>
              Подарочные наборы
            </p>
          </div>
        </div>
        <div
          class="text"
        >
          <div>
            <p>
              Гигиеническая продукция
            </p>
          </div>
        </div>
        <div
          class="text"
        >
          <div>
            <p>
              Гигиена полости рта
            </p>
          </div>
        </div>
        <div
          class="text"
        >
          <div>
            <p>
              Бумажная продукция
            </p>
          </div>
        </div>
      </div>
    </div>
  </body>,
  "container": <div>
    <div
      class="wrapper"
      role="text"
    >
      <div
        class="text"
      >
        <div>
          <p>
            Уход за телом
          </p>
        </div>
      </div>
      <div
        class="text"
      >
        <div>
          <p>
            Уход за руками
          </p>
        </div>
      </div>
      <div
        class="text"
      >
        <div>
          <p>
            Уход за ногами
          </p>
        </div>
      </div>
      <div
        class="text"
      >
        <div>
          <p>
            Уход за лицом
          </p>
        </div>
      </div>
      <div
        class="text"
      >
        <div>
          <p>
            Уход за волосами
          </p>
        </div>
      </div>
      <div
        class="text"
      >
        <div>
          <p>
            Средства для загара
          </p>
        </div>
      </div>
      <div
        class="text"
      >
        <div>
          <p>
            Средства для бритья
          </p>
        </div>
      </div>
      <div
        class="text"
      >
        <div>
          <p>
            Подарочные наборы
          </p>
        </div>
      </div>
      <div
        class="text"
      >
        <div>
          <p>
            Гигиеническая продукция
          </p>
        </div>
      </div>
      <div
        class="text"
      >
        <div>
          <p>
            Гигиена полости рта
          </p>
        </div>
      </div>
      <div
        class="text"
      >
        <div>
          <p>
            Бумажная продукция
          </p>
        </div>
      </div>
    </div>
  </div>,
  "debug": [Function],
  "findAllByAltText": [Function],
  "findAllByDisplayValue": [Function],
  "findAllByLabelText": [Function],
  "findAllByPlaceholderText": [Function],
  "findAllByRole": [Function],
  "findAllByTestId": [Function],
  "findAllByText": [Function],
  "findAllByTitle": [Function],
  "findByAltText": [Function],
  "findByDisplayValue": [Function],
  "findByLabelText": [Function],
  "findByPlaceholderText": [Function],
  "findByRole": [Function],
  "findByTestId": [Function],
  "findByText": [Function],
  "findByTitle": [Function],
  "getAllByAltText": [Function],
  "getAllByDisplayValue": [Function],
  "getAllByLabelText": [Function],
  "getAllByPlaceholderText": [Function],
  "getAllByRole": [Function],
  "getAllByTestId": [Function],
  "getAllByText": [Function],
  "getAllByTitle": [Function],
  "getByAltText": [Function],
  "getByDisplayValue": [Function],
  "getByLabelText": [Function],
  "getByPlaceholderText": [Function],
  "getByRole": [Function],
  "getByTestId": [Function],
  "getByText": [Function],
  "getByTitle": [Function],
  "queryAllByAltText": [Function],
  "queryAllByDisplayValue": [Function],
  "queryAllByLabelText": [Function],
  "queryAllByPlaceholderText": [Function],
  "queryAllByRole": [Function],
  "queryAllByTestId": [Function],
  "queryAllByText": [Function],
  "queryAllByTitle": [Function],
  "queryByAltText": [Function],
  "queryByDisplayValue": [Function],
  "queryByLabelText": [Function],
  "queryByPlaceholderText": [Function],
  "queryByRole": [Function],
  "queryByTestId": [Function],
  "queryByText": [Function],
  "queryByTitle": [Function],
  "rerender": [Function],
  "unmount": [Function],
}
`;
